// Jest Snapshot v1, https://goo.gl/fbAQLP

exports[`Debug.vue component matches snapshot when mounted 1`] = `
<div
  class="debug"
>
  <label
    for="theme"
  >
    
    Theme
  
  </label>
   
  <select
    id="theme"
  >
    <option
      value="system"
    >
      
      System
    
    </option>
     
    <option
      value="light"
    >
      
      Light
    
    </option>
     
    <option
      value="dark"
    >
      
      Dark
    
    </option>
  </select>
</div>
`;

exports[`Debug.vue component matches snapshot when shallow mounted 1`] = `
<div
  class="debug"
>
  <label
    for="theme"
  >
    
    Theme
  
  </label>
   
  <select
    id="theme"
  >
    <option
      value="system"
    >
      
      System
    
    </option>
     
    <option
      value="light"
    >
      
      Light
    
    </option>
     
    <option
      value="dark"
    >
      
      Dark
    
    </option>
  </select>
</div>
`;
